<html>
<body>
<pre>
<h1>µVision Build Log</h1>
<h2>Project:</h2>
C:\workspace\keil\TRSPLUS2Board\pptp_lib_project\pptp_lib_project.uvproj
Project File Date:  05/21/2015

<h2>Output:</h2>
Rebuild target 'PPTP'
assembling startup_stm32f10x_hd.s...
compiling system_stm32f10x.c...
compiling stm32f10x_it.c...
compiling misc.c...
compiling stm32f10x_exti.c...
compiling stm32f10x_gpio.c...
compiling stm32f10x_rcc.c...
compiling stm32f10x_usart.c...
compiling main.c...
compiling system_tick.c...
compiling debug_uart.c...
compiling module_uart.c...
linking...
Program Size: Code=4426 RO-data=354 RW-data=88 ZI-data=8704  
FromELF: creating hex file...
".\Object\pptp_lib_project.axf" - 0 Errors, 0 Warning(s).
