<html>
<body>
<pre>
<h1>µVision Build Log</h1>
<h2>Project:</h2>
C:\workspace\keil\TRSPLUS2Board\pptp_lib_project\pptp_lib_project.uvproj
Project File Date:  05/21/2015

<h2>Output:</h2>
Rebuild target 'PPTP'
assembling startup_stm32f10x_hd.s...
compiling core_cm3.c...
compiling system_stm32f10x.c...
compiling stm32f10x_it.c...
compiling misc.c...
compiling stm32f10x_exti.c...
compiling stm32f10x_gpio.c...
compiling stm32f10x_rcc.c...
compiling stm32f10x_usart.c...
compiling main.c...
compiling system_tick.c...
compiling debug_uart.c...
compiling module_uart.c...
linking...
Program Size: Code=4548 RO-data=336 RW-data=76 ZI-data=1540  
FromELF: creating hex file...
".\Object\pptp_lib_project.axf" - 0 Errors, 0 Warning(s).
Load "C:\\workspace\\keil\\TRSPLUS2Board\\pptp_lib_project\\Object\\pptp_lib_project.axf" 
Set JLink Project File to "C:\workspace\keil\TRSPLUS2Board\pptp_lib_project\JLinkSettings.ini"
* JLink Info: Device "STM32F103RC" selected (256 KB flash, 48 KB RAM).
 
JLink info:
------------
DLL: V4.68a, compiled Apr 12 2013 13:26:50
Firmware: J-Link ARM V8 compiled Nov 25 2013 19:20:08
Hardware: V8.00
S/N : 17935099 
Feature(s) : RDI,FlashDL,FlashBP,JFlash 
 
* JLink Info: STM32F1xxx: Can not attach to CPU. Trying connect under reset.
**JLink Warning: RESET (pin 15) high, but should be low. Please check target hardware.
***JLink Error: Supply voltage too low (1 Volt is required, Measured: 0.0 Volt).
Please check target power.
Load "C:\\workspace\\keil\\TRSPLUS2Board\\pptp_lib_project\\Object\\pptp_lib_project.axf" 
Set JLink Project File to "C:\workspace\keil\TRSPLUS2Board\pptp_lib_project\JLinkSettings.ini"
* JLink Info: Device "STM32F103RC" selected (256 KB flash, 48 KB RAM).
 
JLink info:
------------
DLL: V4.68a, compiled Apr 12 2013 13:26:50
Firmware: J-Link ARM V8 compiled Nov 25 2013 19:20:08
Hardware: V8.00
S/N : 17935099 
Feature(s) : RDI,FlashDL,FlashBP,JFlash 
 
* JLink Info: TotalIRLen = 9, IRPrint = 0x0011
* JLink Info: TotalIRLen = 9, IRPrint = 0x0011
* JLink Info: Found Cortex-M3 r1p1, Little endian.
* JLink Info: TPIU fitted.
* JLink Info: ETM fitted.
* JLink Info: FPUnit: 6 code (BP) slots and 2 literal slots
ROMTableAddr = 0xE00FF003
* JLink Info: Found Cortex-M3 r1p1, Little endian.
* JLink Info: TPIU fitted.
* JLink Info: ETM fitted.
* JLink Info: FPUnit: 6 code (BP) slots and 2 literal slots
 
Target info:
------------
Device: STM32F103RC
VTarget = 3.306V
State of Pins: 
TCK: 1, TDI: 0, TDO: 0, TMS: 0, TRES: 1, TRST: 1
Hardware-Breakpoints: 6
Software-Breakpoints: 8192
Watchpoints:          4
JTAG speed: 2000 kHz
 
Erase Done.
Programming Done.
Verify OK.
Rebuild target 'PPTP'
assembling startup_stm32f10x_hd.s...
compiling core_cm3.c...
compiling system_stm32f10x.c...
compiling stm32f10x_it.c...
compiling misc.c...
compiling stm32f10x_exti.c...
compiling stm32f10x_gpio.c...
compiling stm32f10x_rcc.c...
compiling stm32f10x_usart.c...
compiling main.c...
compiling system_tick.c...
compiling debug_uart.c...
compiling module_uart.c...
linking...
Program Size: Code=4814 RO-data=354 RW-data=96 ZI-data=1536  
FromELF: creating hex file...
".\Object\pptp_lib_project.axf" - 0 Errors, 0 Warning(s).
Load "C:\\workspace\\keil\\TRSPLUS2Board\\pptp_lib_project\\Object\\pptp_lib_project.axf" 
Set JLink Project File to "C:\workspace\keil\TRSPLUS2Board\pptp_lib_project\JLinkSettings.ini"
* JLink Info: Device "STM32F103RC" selected (256 KB flash, 48 KB RAM).
 
JLink info:
------------
DLL: V4.68a, compiled Apr 12 2013 13:26:50
Firmware: J-Link ARM V8 compiled Nov 25 2013 19:20:08
Hardware: V8.00
S/N : 17935099 
Feature(s) : RDI,FlashDL,FlashBP,JFlash 
 
* JLink Info: STM32F1xxx: Can not attach to CPU. Trying connect under reset.
**JLink Warning: RESET (pin 15) high, but should be low. Please check target hardware.
***JLink Error: Supply voltage too low (1 Volt is required, Measured: 0.0 Volt).
Please check target power.
Load "C:\\workspace\\keil\\TRSPLUS2Board\\pptp_lib_project\\Object\\pptp_lib_project.axf" 
Set JLink Project File to "C:\workspace\keil\TRSPLUS2Board\pptp_lib_project\JLinkSettings.ini"
* JLink Info: Device "STM32F103RC" selected (256 KB flash, 48 KB RAM).
 
JLink info:
------------
DLL: V4.68a, compiled Apr 12 2013 13:26:50
Firmware: J-Link ARM V8 compiled Nov 25 2013 19:20:08
Hardware: V8.00
S/N : 17935099 
Feature(s) : RDI,FlashDL,FlashBP,JFlash 
 
* JLink Info: TotalIRLen = 9, IRPrint = 0x0011
* JLink Info: TotalIRLen = 9, IRPrint = 0x0011
* JLink Info: Found Cortex-M3 r1p1, Little endian.
* JLink Info: TPIU fitted.
* JLink Info: ETM fitted.
* JLink Info: FPUnit: 6 code (BP) slots and 2 literal slots
ROMTableAddr = 0xE00FF003
* JLink Info: Found Cortex-M3 r1p1, Little endian.
* JLink Info: TPIU fitted.
* JLink Info: ETM fitted.
* JLink Info: FPUnit: 6 code (BP) slots and 2 literal slots
 
Target info:
------------
Device: STM32F103RC
VTarget = 3.313V
State of Pins: 
TCK: 1, TDI: 0, TDO: 0, TMS: 0, TRES: 1, TRST: 1
Hardware-Breakpoints: 6
Software-Breakpoints: 8192
Watchpoints:          4
JTAG speed: 2000 kHz
 
Erase Done.
Programming Done.
Verify OK.
Rebuild target 'PPTP'
assembling startup_stm32f10x_hd.s...
compiling core_cm3.c...
compiling system_stm32f10x.c...
compiling stm32f10x_it.c...
compiling misc.c...
compiling stm32f10x_exti.c...
compiling stm32f10x_gpio.c...
compiling stm32f10x_rcc.c...
compiling stm32f10x_usart.c...
compiling main.c...
compiling system_tick.c...
compiling debug_uart.c...
compiling module_uart.c...
linking...
Program Size: Code=4874 RO-data=354 RW-data=100 ZI-data=1540  
FromELF: creating hex file...
".\Object\pptp_lib_project.axf" - 0 Errors, 0 Warning(s).
Load "C:\\workspace\\keil\\TRSPLUS2Board\\pptp_lib_project\\Object\\pptp_lib_project.axf" 
Set JLink Project File to "C:\workspace\keil\TRSPLUS2Board\pptp_lib_project\JLinkSettings.ini"
* JLink Info: Device "STM32F103RC" selected (256 KB flash, 48 KB RAM).
 
JLink info:
------------
DLL: V4.68a, compiled Apr 12 2013 13:26:50
Firmware: J-Link ARM V8 compiled Nov 25 2013 19:20:08
Hardware: V8.00
S/N : 17935099 
Feature(s) : RDI,FlashDL,FlashBP,JFlash 
 
* JLink Info: TotalIRLen = 9, IRPrint = 0x0011
* JLink Info: TotalIRLen = 9, IRPrint = 0x0011
* JLink Info: Found Cortex-M3 r1p1, Little endian.
* JLink Info: TPIU fitted.
* JLink Info: ETM fitted.
* JLink Info: FPUnit: 6 code (BP) slots and 2 literal slots
ROMTableAddr = 0xE00FF003
* JLink Info: Found Cortex-M3 r1p1, Little endian.
* JLink Info: TPIU fitted.
* JLink Info: ETM fitted.
* JLink Info: FPUnit: 6 code (BP) slots and 2 literal slots
 
Target info:
------------
Device: STM32F103RC
VTarget = 3.313V
State of Pins: 
TCK: 1, TDI: 0, TDO: 0, TMS: 0, TRES: 1, TRST: 1
Hardware-Breakpoints: 6
Software-Breakpoints: 8192
Watchpoints:          4
JTAG speed: 2000 kHz
 
Erase Done.
Programming Done.
Verify OK.
Rebuild target 'PPTP'
assembling startup_stm32f10x_hd.s...
compiling core_cm3.c...
compiling system_stm32f10x.c...
compiling stm32f10x_it.c...
compiling misc.c...
compiling stm32f10x_exti.c...
compiling stm32f10x_gpio.c...
compiling stm32f10x_rcc.c...
compiling stm32f10x_usart.c...
compiling main.c...
compiling system_tick.c...
compiling debug_uart.c...
compiling module_uart.c...
linking...
Program Size: Code=4874 RO-data=354 RW-data=100 ZI-data=1540  
FromELF: creating hex file...
".\Object\pptp_lib_project.axf" - 0 Errors, 0 Warning(s).
Rebuild target 'PPTP'
assembling startup_stm32f10x_hd.s...
compiling core_cm3.c...
compiling system_stm32f10x.c...
compiling stm32f10x_it.c...
compiling misc.c...
compiling stm32f10x_exti.c...
compiling stm32f10x_gpio.c...
compiling stm32f10x_rcc.c...
compiling stm32f10x_usart.c...
compiling main.c...
compiling system_tick.c...
compiling debug_uart.c...
compiling module_uart.c...
linking...
Program Size: Code=4846 RO-data=354 RW-data=100 ZI-data=1540  
FromELF: creating hex file...
".\Object\pptp_lib_project.axf" - 0 Errors, 0 Warning(s).
Load "C:\\workspace\\keil\\TRSPLUS2Board\\pptp_lib_project\\Object\\pptp_lib_project.axf" 
Set JLink Project File to "C:\workspace\keil\TRSPLUS2Board\pptp_lib_project\JLinkSettings.ini"
* JLink Info: Device "STM32F103RC" selected (256 KB flash, 48 KB RAM).
 
JLink info:
------------
DLL: V4.68a, compiled Apr 12 2013 13:26:50
Firmware: J-Link ARM V8 compiled Nov 25 2013 19:20:08
Hardware: V8.00
S/N : 17935099 
Feature(s) : RDI,FlashDL,FlashBP,JFlash 
 
* JLink Info: TotalIRLen = 9, IRPrint = 0x0011
* JLink Info: TotalIRLen = 9, IRPrint = 0x0011
* JLink Info: Found Cortex-M3 r1p1, Little endian.
* JLink Info: TPIU fitted.
* JLink Info: ETM fitted.
* JLink Info: FPUnit: 6 code (BP) slots and 2 literal slots
ROMTableAddr = 0xE00FF003
* JLink Info: Found Cortex-M3 r1p1, Little endian.
* JLink Info: TPIU fitted.
* JLink Info: ETM fitted.
* JLink Info: FPUnit: 6 code (BP) slots and 2 literal slots
 
Target info:
------------
Device: STM32F103RC
VTarget = 3.313V
State of Pins: 
TCK: 1, TDI: 0, TDO: 0, TMS: 0, TRES: 1, TRST: 1
Hardware-Breakpoints: 6
Software-Breakpoints: 8192
Watchpoints:          4
JTAG speed: 2000 kHz
 
Erase Done.
Programming Done.
Verify OK.
Rebuild target 'PPTP'
assembling startup_stm32f10x_hd.s...
compiling core_cm3.c...
compiling system_stm32f10x.c...
compiling stm32f10x_it.c...
compiling misc.c...
compiling stm32f10x_exti.c...
compiling stm32f10x_gpio.c...
compiling stm32f10x_rcc.c...
compiling stm32f10x_usart.c...
compiling main.c...
compiling system_tick.c...
compiling debug_uart.c...
compiling module_uart.c...
linking...
Program Size: Code=4846 RO-data=354 RW-data=100 ZI-data=1540  
FromELF: creating hex file...
".\Object\pptp_lib_project.axf" - 0 Errors, 0 Warning(s).
Load "C:\\workspace\\keil\\TRSPLUS2Board\\pptp_lib_project\\Object\\pptp_lib_project.axf" 
Set JLink Project File to "C:\workspace\keil\TRSPLUS2Board\pptp_lib_project\JLinkSettings.ini"
* JLink Info: Device "STM32F103RC" selected (256 KB flash, 48 KB RAM).
 
JLink info:
------------
DLL: V4.68a, compiled Apr 12 2013 13:26:50
Firmware: J-Link ARM V8 compiled Nov 25 2013 19:20:08
Hardware: V8.00
S/N : 17935099 
Feature(s) : RDI,FlashDL,FlashBP,JFlash 
 
* JLink Info: TotalIRLen = 9, IRPrint = 0x0011
* JLink Info: TotalIRLen = 9, IRPrint = 0x0011
* JLink Info: Found Cortex-M3 r1p1, Little endian.
* JLink Info: TPIU fitted.
* JLink Info: ETM fitted.
* JLink Info: FPUnit: 6 code (BP) slots and 2 literal slots
ROMTableAddr = 0xE00FF003
* JLink Info: Found Cortex-M3 r1p1, Little endian.
* JLink Info: TPIU fitted.
* JLink Info: ETM fitted.
* JLink Info: FPUnit: 6 code (BP) slots and 2 literal slots
 
Target info:
------------
Device: STM32F103RC
VTarget = 3.313V
State of Pins: 
TCK: 1, TDI: 0, TDO: 0, TMS: 0, TRES: 1, TRST: 1
Hardware-Breakpoints: 6
Software-Breakpoints: 8192
Watchpoints:          4
JTAG speed: 2000 kHz
 
Erase Done.
Programming Done.
Verify OK.
Rebuild target 'PPTP'
assembling startup_stm32f10x_hd.s...
compiling core_cm3.c...
compiling system_stm32f10x.c...
compiling stm32f10x_it.c...
compiling misc.c...
compiling stm32f10x_exti.c...
compiling stm32f10x_gpio.c...
compiling stm32f10x_rcc.c...
compiling stm32f10x_usart.c...
compiling main.c...
compiling system_tick.c...
compiling debug_uart.c...
compiling module_uart.c...
src\src\module_uart.c(32): error:  #20: identifier "GPIO_Speed_100MHz" is undefined
".\Object\pptp_lib_project.axf" - 1 Errors, 0 Warning(s).
Target not created
Rebuild target 'PPTP'
assembling startup_stm32f10x_hd.s...
compiling core_cm3.c...
compiling system_stm32f10x.c...
compiling stm32f10x_it.c...
compiling misc.c...
compiling stm32f10x_exti.c...
compiling stm32f10x_gpio.c...
compiling stm32f10x_rcc.c...
compiling stm32f10x_usart.c...
compiling main.c...
compiling system_tick.c...
compiling debug_uart.c...
compiling module_uart.c...
linking...
Program Size: Code=4850 RO-data=354 RW-data=100 ZI-data=1540  
FromELF: creating hex file...
".\Object\pptp_lib_project.axf" - 0 Errors, 0 Warning(s).
Rebuild target 'PPTP'
assembling startup_stm32f10x_hd.s...
compiling core_cm3.c...
compiling system_stm32f10x.c...
compiling stm32f10x_it.c...
compiling misc.c...
compiling stm32f10x_exti.c...
compiling stm32f10x_gpio.c...
compiling stm32f10x_rcc.c...
compiling stm32f10x_usart.c...
compiling main.c...
src\src\main.c(19): error:  #65: expected a ";"
compiling system_tick.c...
compiling debug_uart.c...
compiling module_uart.c...
".\Object\pptp_lib_project.axf" - 1 Errors, 0 Warning(s).
Target not created
Rebuild target 'PPTP'
assembling startup_stm32f10x_hd.s...
compiling core_cm3.c...
compiling system_stm32f10x.c...
compiling stm32f10x_it.c...
compiling misc.c...
compiling stm32f10x_exti.c...
compiling stm32f10x_gpio.c...
compiling stm32f10x_rcc.c...
compiling stm32f10x_usart.c...
compiling main.c...
compiling system_tick.c...
compiling debug_uart.c...
compiling module_uart.c...
linking...
Program Size: Code=4962 RO-data=354 RW-data=100 ZI-data=1540  
FromELF: creating hex file...
".\Object\pptp_lib_project.axf" - 0 Errors, 0 Warning(s).
Load "C:\\workspace\\keil\\TRSPLUS2Board\\pptp_lib_project\\Object\\pptp_lib_project.axf" 
Set JLink Project File to "C:\workspace\keil\TRSPLUS2Board\pptp_lib_project\JLinkSettings.ini"
* JLink Info: Device "STM32F103RC" selected (256 KB flash, 48 KB RAM).
 
JLink info:
------------
DLL: V4.68a, compiled Apr 12 2013 13:26:50
Firmware: J-Link ARM V8 compiled Nov 25 2013 19:20:08
Hardware: V8.00
S/N : 17935099 
Feature(s) : RDI,FlashDL,FlashBP,JFlash 
 
* JLink Info: TotalIRLen = 9, IRPrint = 0x0011
* JLink Info: TotalIRLen = 9, IRPrint = 0x0011
* JLink Info: Found Cortex-M3 r1p1, Little endian.
* JLink Info: TPIU fitted.
* JLink Info: ETM fitted.
* JLink Info: FPUnit: 6 code (BP) slots and 2 literal slots
ROMTableAddr = 0xE00FF003
* JLink Info: Found Cortex-M3 r1p1, Little endian.
* JLink Info: TPIU fitted.
* JLink Info: ETM fitted.
* JLink Info: FPUnit: 6 code (BP) slots and 2 literal slots
 
Target info:
------------
Device: STM32F103RC
VTarget = 3.300V
State of Pins: 
TCK: 1, TDI: 0, TDO: 0, TMS: 0, TRES: 1, TRST: 1
Hardware-Breakpoints: 6
Software-Breakpoints: 8192
Watchpoints:          4
JTAG speed: 2000 kHz
 
Erase Done.
Programming Done.
Verify OK.
Rebuild target 'PPTP'
assembling startup_stm32f10x_hd.s...
compiling core_cm3.c...
compiling system_stm32f10x.c...
compiling stm32f10x_it.c...
compiling misc.c...
compiling stm32f10x_exti.c...
compiling stm32f10x_gpio.c...
compiling stm32f10x_rcc.c...
compiling stm32f10x_usart.c...
compiling main.c...
compiling system_tick.c...
compiling debug_uart.c...
compiling module_uart.c...
linking...
Program Size: Code=4890 RO-data=354 RW-data=96 ZI-data=1536  
FromELF: creating hex file...
".\Object\pptp_lib_project.axf" - 0 Errors, 0 Warning(s).
Load "C:\\workspace\\keil\\TRSPLUS2Board\\pptp_lib_project\\Object\\pptp_lib_project.axf" 
Set JLink Project File to "C:\workspace\keil\TRSPLUS2Board\pptp_lib_project\JLinkSettings.ini"
* JLink Info: Device "STM32F103RC" selected (256 KB flash, 48 KB RAM).
 
JLink info:
------------
DLL: V4.68a, compiled Apr 12 2013 13:26:50
Firmware: J-Link ARM V8 compiled Nov 25 2013 19:20:08
Hardware: V8.00
S/N : 17935099 
Feature(s) : RDI,FlashDL,FlashBP,JFlash 
 
* JLink Info: TotalIRLen = 9, IRPrint = 0x0011
* JLink Info: TotalIRLen = 9, IRPrint = 0x0011
* JLink Info: Found Cortex-M3 r1p1, Little endian.
* JLink Info: TPIU fitted.
* JLink Info: ETM fitted.
* JLink Info: FPUnit: 6 code (BP) slots and 2 literal slots
ROMTableAddr = 0xE00FF003
* JLink Info: Found Cortex-M3 r1p1, Little endian.
* JLink Info: TPIU fitted.
* JLink Info: ETM fitted.
* JLink Info: FPUnit: 6 code (BP) slots and 2 literal slots
 
Target info:
------------
Device: STM32F103RC
VTarget = 3.300V
State of Pins: 
TCK: 1, TDI: 0, TDO: 0, TMS: 0, TRES: 1, TRST: 1
Hardware-Breakpoints: 6
Software-Breakpoints: 8192
Watchpoints:          4
JTAG speed: 2000 kHz
 
Erase Done.
Programming Done.
Verify OK.
Rebuild target 'PPTP'
assembling startup_stm32f10x_hd.s...
compiling system_stm32f10x.c...
compiling stm32f10x_it.c...
compiling misc.c...
compiling stm32f10x_exti.c...
compiling stm32f10x_gpio.c...
compiling stm32f10x_rcc.c...
compiling stm32f10x_usart.c...
compiling main.c...
compiling system_tick.c...
compiling debug_uart.c...
compiling module_uart.c...
linking...
Program Size: Code=4890 RO-data=354 RW-data=96 ZI-data=1536  
FromELF: creating hex file...
".\Object\pptp_lib_project.axf" - 0 Errors, 0 Warning(s).
Load "C:\\workspace\\keil\\TRSPLUS2Board\\pptp_lib_project\\Object\\pptp_lib_project.axf" 
Set JLink Project File to "C:\workspace\keil\TRSPLUS2Board\pptp_lib_project\JLinkSettings.ini"
* JLink Info: Device "STM32F103RC" selected (256 KB flash, 48 KB RAM).
 
JLink info:
------------
DLL: V4.68a, compiled Apr 12 2013 13:26:50
Firmware: J-Link ARM V8 compiled Nov 25 2013 19:20:08
Hardware: V8.00
S/N : 17935099 
Feature(s) : RDI,FlashDL,FlashBP,JFlash 
 
* JLink Info: TotalIRLen = 9, IRPrint = 0x0011
* JLink Info: TotalIRLen = 9, IRPrint = 0x0011
* JLink Info: Found Cortex-M3 r1p1, Little endian.
* JLink Info: TPIU fitted.
* JLink Info: ETM fitted.
* JLink Info: FPUnit: 6 code (BP) slots and 2 literal slots
ROMTableAddr = 0xE00FF003
* JLink Info: Found Cortex-M3 r1p1, Little endian.
* JLink Info: TPIU fitted.
* JLink Info: ETM fitted.
* JLink Info: FPUnit: 6 code (BP) slots and 2 literal slots
 
Target info:
------------
Device: STM32F103RC
VTarget = 3.300V
State of Pins: 
TCK: 1, TDI: 0, TDO: 0, TMS: 0, TRES: 1, TRST: 1
Hardware-Breakpoints: 6
Software-Breakpoints: 8192
Watchpoints:          4
JTAG speed: 2000 kHz
 
Erase Done.
Programming Done.
Verify OK.
Rebuild target 'PPTP'
assembling startup_stm32f10x_hd.s...
compiling system_stm32f10x.c...
compiling stm32f10x_it.c...
compiling misc.c...
compiling stm32f10x_exti.c...
compiling stm32f10x_gpio.c...
compiling stm32f10x_rcc.c...
compiling stm32f10x_usart.c...
compiling main.c...
compiling system_tick.c...
compiling debug_uart.c...
compiling module_uart.c...
linking...
Program Size: Code=4866 RO-data=354 RW-data=96 ZI-data=1536  
FromELF: creating hex file...
".\Object\pptp_lib_project.axf" - 0 Errors, 0 Warning(s).
Rebuild target 'PPTP'
assembling startup_stm32f10x_hd.s...
compiling system_stm32f10x.c...
compiling stm32f10x_it.c...
compiling misc.c...
compiling stm32f10x_exti.c...
compiling stm32f10x_gpio.c...
compiling stm32f10x_rcc.c...
compiling stm32f10x_usart.c...
compiling main.c...
compiling system_tick.c...
compiling debug_uart.c...
compiling module_uart.c...
linking...
Program Size: Code=4890 RO-data=354 RW-data=96 ZI-data=1536  
FromELF: creating hex file...
".\Object\pptp_lib_project.axf" - 0 Errors, 0 Warning(s).
Load "C:\\workspace\\keil\\TRSPLUS2Board\\pptp_lib_project\\Object\\pptp_lib_project.axf" 
Set JLink Project File to "C:\workspace\keil\TRSPLUS2Board\pptp_lib_project\JLinkSettings.ini"
* JLink Info: Device "STM32F103RC" selected (256 KB flash, 48 KB RAM).
 
JLink info:
------------
DLL: V4.68a, compiled Apr 12 2013 13:26:50
Firmware: J-Link ARM V8 compiled Nov 25 2013 19:20:08
Hardware: V8.00
S/N : 17935099 
Feature(s) : RDI,FlashDL,FlashBP,JFlash 
 
* JLink Info: TotalIRLen = 9, IRPrint = 0x0011
* JLink Info: TotalIRLen = 9, IRPrint = 0x0011
* JLink Info: Found Cortex-M3 r1p1, Little endian.
* JLink Info: TPIU fitted.
* JLink Info: ETM fitted.
* JLink Info: FPUnit: 6 code (BP) slots and 2 literal slots
ROMTableAddr = 0xE00FF003
* JLink Info: Found Cortex-M3 r1p1, Little endian.
* JLink Info: TPIU fitted.
* JLink Info: ETM fitted.
* JLink Info: FPUnit: 6 code (BP) slots and 2 literal slots
 
Target info:
------------
Device: STM32F103RC
VTarget = 3.300V
State of Pins: 
TCK: 1, TDI: 0, TDO: 0, TMS: 0, TRES: 1, TRST: 1
Hardware-Breakpoints: 6
Software-Breakpoints: 8192
Watchpoints:          4
JTAG speed: 2000 kHz
 
Erase Done.
Programming Done.
Verify OK.
Rebuild target 'PPTP'
assembling startup_stm32f10x_hd.s...
compiling system_stm32f10x.c...
compiling stm32f10x_it.c...
compiling misc.c...
compiling stm32f10x_exti.c...
compiling stm32f10x_gpio.c...
compiling stm32f10x_rcc.c...
compiling stm32f10x_usart.c...
compiling main.c...
compiling system_tick.c...
compiling debug_uart.c...
compiling module_uart.c...
linking...
Program Size: Code=4814 RO-data=354 RW-data=96 ZI-data=1536  
FromELF: creating hex file...
".\Object\pptp_lib_project.axf" - 0 Errors, 0 Warning(s).
Load "C:\\workspace\\keil\\TRSPLUS2Board\\pptp_lib_project\\Object\\pptp_lib_project.axf" 
Set JLink Project File to "C:\workspace\keil\TRSPLUS2Board\pptp_lib_project\JLinkSettings.ini"
* JLink Info: Device "STM32F103RC" selected (256 KB flash, 48 KB RAM).
 
JLink info:
------------
DLL: V4.68a, compiled Apr 12 2013 13:26:50
Firmware: J-Link ARM V8 compiled Nov 25 2013 19:20:08
Hardware: V8.00
S/N : 17935099 
Feature(s) : RDI,FlashDL,FlashBP,JFlash 
 
* JLink Info: TotalIRLen = 9, IRPrint = 0x0011
* JLink Info: TotalIRLen = 9, IRPrint = 0x0011
* JLink Info: Found Cortex-M3 r1p1, Little endian.
* JLink Info: TPIU fitted.
* JLink Info: ETM fitted.
* JLink Info: FPUnit: 6 code (BP) slots and 2 literal slots
ROMTableAddr = 0xE00FF003
* JLink Info: Found Cortex-M3 r1p1, Little endian.
* JLink Info: TPIU fitted.
* JLink Info: ETM fitted.
* JLink Info: FPUnit: 6 code (BP) slots and 2 literal slots
 
Target info:
------------
Device: STM32F103RC
VTarget = 3.300V
State of Pins: 
TCK: 1, TDI: 0, TDO: 0, TMS: 0, TRES: 1, TRST: 1
Hardware-Breakpoints: 6
Software-Breakpoints: 8192
Watchpoints:          4
JTAG speed: 2000 kHz
 
Erase Done.
Programming Done.
Verify OK.
Rebuild target 'PPTP'
assembling startup_stm32f10x_hd.s...
compiling system_stm32f10x.c...
compiling stm32f10x_it.c...
compiling misc.c...
compiling stm32f10x_exti.c...
compiling stm32f10x_gpio.c...
compiling stm32f10x_rcc.c...
compiling stm32f10x_usart.c...
compiling main.c...
compiling system_tick.c...
compiling debug_uart.c...
compiling module_uart.c...
linking...
Program Size: Code=4822 RO-data=354 RW-data=96 ZI-data=1536  
FromELF: creating hex file...
".\Object\pptp_lib_project.axf" - 0 Errors, 0 Warning(s).
Load "C:\\workspace\\keil\\TRSPLUS2Board\\pptp_lib_project\\Object\\pptp_lib_project.axf" 
Set JLink Project File to "C:\workspace\keil\TRSPLUS2Board\pptp_lib_project\JLinkSettings.ini"
* JLink Info: Device "STM32F103RC" selected (256 KB flash, 48 KB RAM).
 
JLink info:
------------
DLL: V4.68a, compiled Apr 12 2013 13:26:50
Firmware: J-Link ARM V8 compiled Nov 25 2013 19:20:08
Hardware: V8.00
S/N : 17935099 
Feature(s) : RDI,FlashDL,FlashBP,JFlash 
 
* JLink Info: TotalIRLen = 9, IRPrint = 0x0011
* JLink Info: TotalIRLen = 9, IRPrint = 0x0011
* JLink Info: Found Cortex-M3 r1p1, Little endian.
* JLink Info: TPIU fitted.
* JLink Info: ETM fitted.
* JLink Info: FPUnit: 6 code (BP) slots and 2 literal slots
ROMTableAddr = 0xE00FF003
* JLink Info: Found Cortex-M3 r1p1, Little endian.
* JLink Info: TPIU fitted.
* JLink Info: ETM fitted.
* JLink Info: FPUnit: 6 code (BP) slots and 2 literal slots
 
Target info:
------------
Device: STM32F103RC
VTarget = 3.300V
State of Pins: 
TCK: 1, TDI: 0, TDO: 0, TMS: 0, TRES: 1, TRST: 1
Hardware-Breakpoints: 6
Software-Breakpoints: 8192
Watchpoints:          4
JTAG speed: 2000 kHz
 
Erase Done.
Programming Done.
Verify OK.
Build target 'PPTP'
compiling main.c...
compiling module_uart.c...
src\src\module_uart.c(12): warning:  #177-D: variable "EXTI_InitStructure" was declared but never referenced
linking...
Program Size: Code=4426 RO-data=354 RW-data=88 ZI-data=1536  
FromELF: creating hex file...
".\Object\pptp_lib_project.axf" - 0 Errors, 1 Warning(s).
Rebuild target 'PPTP'
assembling startup_stm32f10x_hd.s...
compiling system_stm32f10x.c...
compiling stm32f10x_it.c...
compiling misc.c...
compiling stm32f10x_exti.c...
compiling stm32f10x_gpio.c...
compiling stm32f10x_rcc.c...
compiling stm32f10x_usart.c...
compiling main.c...
compiling system_tick.c...
compiling debug_uart.c...
compiling module_uart.c...
linking...
Program Size: Code=4426 RO-data=354 RW-data=88 ZI-data=1536  
FromELF: creating hex file...
".\Object\pptp_lib_project.axf" - 0 Errors, 0 Warning(s).
Rebuild target 'PPTP'
assembling startup_stm32f10x_hd.s...
compiling system_stm32f10x.c...
compiling stm32f10x_it.c...
compiling misc.c...
compiling stm32f10x_exti.c...
compiling stm32f10x_gpio.c...
compiling stm32f10x_rcc.c...
compiling stm32f10x_usart.c...
compiling main.c...
compiling system_tick.c...
compiling debug_uart.c...
compiling module_uart.c...
linking...
Program Size: Code=4426 RO-data=354 RW-data=88 ZI-data=8704  
FromELF: creating hex file...
".\Object\pptp_lib_project.axf" - 0 Errors, 0 Warning(s).
Rebuild target 'PPTP'
assembling startup_stm32f10x_hd.s...
compiling system_stm32f10x.c...
compiling stm32f10x_it.c...
compiling misc.c...
compiling stm32f10x_exti.c...
compiling stm32f10x_gpio.c...
compiling stm32f10x_rcc.c...
compiling stm32f10x_usart.c...
compiling main.c...
compiling system_tick.c...
compiling debug_uart.c...
compiling module_uart.c...
linking...
Program Size: Code=4426 RO-data=354 RW-data=88 ZI-data=8704  
FromELF: creating hex file...
".\Object\pptp_lib_project.axf" - 0 Errors, 0 Warning(s).
Rebuild target 'PPTP'
assembling startup_stm32f10x_hd.s...
compiling system_stm32f10x.c...
compiling stm32f10x_it.c...
compiling misc.c...
compiling stm32f10x_exti.c...
compiling stm32f10x_gpio.c...
compiling stm32f10x_rcc.c...
compiling stm32f10x_usart.c...
compiling main.c...
compiling system_tick.c...
compiling debug_uart.c...
compiling module_uart.c...
linking...
Program Size: Code=4426 RO-data=354 RW-data=88 ZI-data=8704  
FromELF: creating hex file...
".\Object\pptp_lib_project.axf" - 0 Errors, 0 Warning(s).
