ARM Linker, 5.03 [Build 76] [MDK-ARM Standard]

==============================================================================

Section Cross References

    startup_stm32f10x_hd.o(RESET) refers to startup_stm32f10x_hd.o(STACK) for __initial_sp
    startup_stm32f10x_hd.o(RESET) refers to startup_stm32f10x_hd.o(.text) for Reset_Handler
    startup_stm32f10x_hd.o(RESET) refers to stm32f10x_it.o(.text) for NMI_Handler
    startup_stm32f10x_hd.o(RESET) refers to system_tick.o(.text) for SysTick_Handler
    startup_stm32f10x_hd.o(RESET) refers to module_uart.o(.text) for UART5_IRQHandler
    startup_stm32f10x_hd.o(.text) refers to system_stm32f10x.o(.text) for SystemInit
    startup_stm32f10x_hd.o(.text) refers to entry.o(.ARM.Collect$$$$00000000) for __main
    system_stm32f10x.o(.text) refers to system_stm32f10x.o(.data) for SystemCoreClock
    stm32f10x_gpio.o(.text) refers to stm32f10x_rcc.o(.text) for RCC_APB2PeriphResetCmd
    stm32f10x_rcc.o(.text) refers to stm32f10x_rcc.o(.data) for APBAHBPrescTable
    stm32f10x_usart.o(.text) refers to stm32f10x_rcc.o(.text) for RCC_APB2PeriphResetCmd
    pptp_lib.o(.text) refers to memseta.o(.text) for __aeabi_memclr4
    pptp_lib.o(.text) refers to memcpya.o(.text) for __aeabi_memcpy4
    pptp_lib.o(.text) refers to malloc.o(i.malloc) for malloc
    pptp_lib.o(.text) refers to debug_uart.o(.data) for Output
    pptp_lib.o(.text) refers to module_uart.o(.data) for Dev
    pptp_lib.o(.text) refers to pptp_lib.o(.data) for call_id
    pptp_lib.o(.text) refers to pptp_lib.o(.bss) for pptp_ring_buffer
    pptp_lib.o(.text) refers to malloc.o(i.free) for free
    pptp_lib.o(.text) refers to rand.o(.text) for rand
    main.o(.text) refers to pptp_lib.o(.text) for pptp_get_pkt
    main.o(.text) refers to debug_uart.o(.data) for Output
    main.o(.text) refers to module_uart.o(.data) for Dev
    system_tick.o(.text) refers to system_tick.o(.data) for systick
    debug_uart.o(.text) refers to stm32f10x_rcc.o(.text) for RCC_APB2PeriphClockCmd
    debug_uart.o(.text) refers to stm32f10x_gpio.o(.text) for GPIO_Init
    debug_uart.o(.text) refers to stm32f10x_usart.o(.text) for USART_Init
    debug_uart.o(.text) refers to debug_uart.o(.data) for ascii_table
    debug_uart.o(.data) refers to debug_uart.o(.conststring) for .conststring
    debug_uart.o(.data) refers to debug_uart.o(.text) for debug_initialize
    module_uart.o(.text) refers to stm32f10x_rcc.o(.text) for RCC_APB1PeriphClockCmd
    module_uart.o(.text) refers to stm32f10x_gpio.o(.text) for GPIO_Init
    module_uart.o(.text) refers to stm32f10x_usart.o(.text) for USART_Init
    module_uart.o(.text) refers to misc.o(.text) for NVIC_Init
    module_uart.o(.text) refers to module_uart.o(.data) for uart_write_index
    module_uart.o(.text) refers to module_uart.o(.bss) for uart_ring
    module_uart.o(.data) refers to module_uart.o(.text) for module_uart_initialize
    entry.o(.ARM.Collect$$$$00000000) refers (Special) to entry10a.o(.ARM.Collect$$$$0000000D) for __rt_final_cpp
    entry.o(.ARM.Collect$$$$00000000) refers (Special) to entry11a.o(.ARM.Collect$$$$0000000F) for __rt_final_exit
    entry.o(.ARM.Collect$$$$00000000) refers (Special) to entry7b.o(.ARM.Collect$$$$00000008) for _main_clock
    entry.o(.ARM.Collect$$$$00000000) refers (Special) to entry8b.o(.ARM.Collect$$$$0000000A) for _main_cpp_init
    entry.o(.ARM.Collect$$$$00000000) refers (Special) to entry9a.o(.ARM.Collect$$$$0000000B) for _main_init
    entry.o(.ARM.Collect$$$$00000000) refers (Special) to entry5.o(.ARM.Collect$$$$00000004) for _main_scatterload
    entry.o(.ARM.Collect$$$$00000000) refers (Special) to entry2.o(.ARM.Collect$$$$00000001) for _main_stk
    rand.o(.text) refers to rand.o(.data) for .data
    malloc.o(i.free) refers to mvars.o(.data) for __microlib_freelist
    malloc.o(i.malloc) refers to mvars.o(.data) for __microlib_freelist_initialised
    malloc.o(i.malloc) refers to mvars.o(.data) for __microlib_freelist
    malloc.o(i.malloc) refers to startup_stm32f10x_hd.o(HEAP) for __heap_base
    mallocr.o(i.__free$realloc) refers to mvars.o(.data) for __microlib_freelist
    mallocr.o(i.__malloc$realloc) refers to mallocr.o(i.internal_alloc) for internal_alloc
    mallocr.o(i.__malloc$realloc) refers to mvars.o(.data) for __microlib_freelist_initialised
    mallocr.o(i.__malloc$realloc) refers to startup_stm32f10x_hd.o(HEAP) for __heap_base
    mallocr.o(i.__malloc$realloc) refers to mvars.o(.data) for __microlib_freelist
    mallocr.o(i.internal_alloc) refers to memcpya.o(.text) for __aeabi_memcpy
    mallocr.o(i.internal_alloc) refers to mvars.o(.data) for __microlib_freelist
    mallocr.o(i.realloc) refers to mallocr.o(i.__free$realloc) for __free$realloc
    mallocr.o(i.realloc) refers to mallocr.o(i.internal_alloc) for internal_alloc
    mallocr.o(i.realloc) refers to mallocr.o(i.__malloc$realloc) for __malloc$realloc
    mallocr.o(i.realloc) refers to mvars.o(.data) for __microlib_freelist
    malloca.o(i.__aligned_malloc) refers to mvars.o(.data) for __microlib_freelist_initialised
    malloca.o(i.__aligned_malloc) refers to mvars.o(.data) for __microlib_freelist
    malloca.o(i.__aligned_malloc) refers to startup_stm32f10x_hd.o(HEAP) for __heap_base
    malloca.o(i.__free$memalign) refers to mvars.o(.data) for __microlib_freelist
    malloca.o(i.__malloc$memalign) refers to malloca.o(i.__aligned_malloc) for __aligned_malloc
    mallocra.o(i.__aligned_malloc$realloc) refers to mallocra.o(i.internal_alloc) for internal_alloc
    mallocra.o(i.__aligned_malloc$realloc) refers to mvars.o(.data) for __microlib_freelist_initialised
    mallocra.o(i.__aligned_malloc$realloc) refers to startup_stm32f10x_hd.o(HEAP) for __heap_base
    mallocra.o(i.__aligned_malloc$realloc) refers to mvars.o(.data) for __microlib_freelist
    mallocra.o(i.__free$realloc$memalign) refers to mvars.o(.data) for __microlib_freelist
    mallocra.o(i.__malloc$realloc$memalign) refers to mallocra.o(i.__aligned_malloc$realloc) for __aligned_malloc$realloc
    mallocra.o(i.__realloc$memalign) refers to mallocra.o(i.__free$realloc$memalign) for __free$realloc$memalign
    mallocra.o(i.__realloc$memalign) refers to mallocra.o(i.internal_alloc) for internal_alloc
    mallocra.o(i.__realloc$memalign) refers to mallocra.o(i.__malloc$realloc$memalign) for __malloc$realloc$memalign
    mallocra.o(i.__realloc$memalign) refers to mvars.o(.data) for __microlib_freelist
    mallocra.o(i.internal_alloc) refers to memcpya.o(.text) for __aeabi_memcpy
    mallocra.o(i.internal_alloc) refers to mvars.o(.data) for __microlib_freelist
    entry2.o(.ARM.Collect$$$$00000001) refers to entry2.o(.ARM.Collect$$$$00002712) for __lit__00000000
    entry2.o(.ARM.Collect$$$$00002712) refers to startup_stm32f10x_hd.o(STACK) for __initial_sp
    entry2.o(__vectab_stack_and_reset_area) refers to startup_stm32f10x_hd.o(STACK) for __initial_sp
    entry2.o(__vectab_stack_and_reset_area) refers to entry.o(.ARM.Collect$$$$00000000) for __main
    entry5.o(.ARM.Collect$$$$00000004) refers to init.o(.text) for __scatterload
    entry9a.o(.ARM.Collect$$$$0000000B) refers to main.o(.text) for main
    entry9b.o(.ARM.Collect$$$$0000000C) refers to main.o(.text) for main
    init.o(.text) refers to entry5.o(.ARM.Collect$$$$00000004) for __main_after_scatterload


==============================================================================

Removing Unused input sections from the image.

    Removing stm32f10x_exti.o(.text), (284 bytes).

1 unused section(s) (total 284 bytes) removed from the image.

==============================================================================

Image Symbol Table

    Local Symbols

    Symbol Name                              Value     Ov Type        Size  Object(Section)

    ../clib/microlib/init/entry.s            0x00000000   Number         0  entry11b.o ABSOLUTE
    ../clib/microlib/init/entry.s            0x00000000   Number         0  entry.o ABSOLUTE
    ../clib/microlib/init/entry.s            0x00000000   Number         0  entry8a.o ABSOLUTE
    ../clib/microlib/init/entry.s            0x00000000   Number         0  entry8b.o ABSOLUTE
    ../clib/microlib/init/entry.s            0x00000000   Number         0  entry9a.o ABSOLUTE
    ../clib/microlib/init/entry.s            0x00000000   Number         0  entry9b.o ABSOLUTE
    ../clib/microlib/init/entry.s            0x00000000   Number         0  entry10a.o ABSOLUTE
    ../clib/microlib/init/entry.s            0x00000000   Number         0  entry11a.o ABSOLUTE
    ../clib/microlib/init/entry.s            0x00000000   Number         0  entry2.o ABSOLUTE
    ../clib/microlib/init/entry.s            0x00000000   Number         0  entry5.o ABSOLUTE
    ../clib/microlib/init/entry.s            0x00000000   Number         0  entry10b.o ABSOLUTE
    ../clib/microlib/init/entry.s            0x00000000   Number         0  entry7a.o ABSOLUTE
    ../clib/microlib/init/entry.s            0x00000000   Number         0  entry7b.o ABSOLUTE
    ../clib/microlib/malloc/malloc.c         0x00000000   Number         0  mallocra.o ABSOLUTE
    ../clib/microlib/malloc/malloc.c         0x00000000   Number         0  malloca.o ABSOLUTE
    ../clib/microlib/malloc/malloc.c         0x00000000   Number         0  mallocr.o ABSOLUTE
    ../clib/microlib/malloc/malloc.c         0x00000000   Number         0  malloc.o ABSOLUTE
    ../clib/microlib/malloc/mvars.c          0x00000000   Number         0  mvars.o ABSOLUTE
    ../clib/microlib/stdlib/rand.c           0x00000000   Number         0  rand.o ABSOLUTE
    ../clib/microlib/string/memcpy.c         0x00000000   Number         0  memcpyb.o ABSOLUTE
    ../clib/microlib/string/memcpy.c         0x00000000   Number         0  memcpya.o ABSOLUTE
    ../clib/microlib/string/memset.c         0x00000000   Number         0  memseta.o ABSOLUTE
    Libraries\CMSIS\CM3\DeviceSupport\ST\STM32F10x\system_stm32f10x.c 0x00000000   Number         0  system_stm32f10x.o ABSOLUTE
    Libraries\STM32F10x_StdPeriph_Driver\src\misc.c 0x00000000   Number         0  misc.o ABSOLUTE
    Libraries\STM32F10x_StdPeriph_Driver\src\stm32f10x_exti.c 0x00000000   Number         0  stm32f10x_exti.o ABSOLUTE
    Libraries\STM32F10x_StdPeriph_Driver\src\stm32f10x_gpio.c 0x00000000   Number         0  stm32f10x_gpio.o ABSOLUTE
    Libraries\STM32F10x_StdPeriph_Driver\src\stm32f10x_rcc.c 0x00000000   Number         0  stm32f10x_rcc.o ABSOLUTE
    Libraries\STM32F10x_StdPeriph_Driver\src\stm32f10x_usart.c 0x00000000   Number         0  stm32f10x_usart.o ABSOLUTE
    Libraries\stm32f10x_it.c                 0x00000000   Number         0  stm32f10x_it.o ABSOLUTE
    dc.s                                     0x00000000   Number         0  dc.o ABSOLUTE
    handlers.s                               0x00000000   Number         0  handlers.o ABSOLUTE
    init.s                                   0x00000000   Number         0  init.o ABSOLUTE
    pptp_lib\src\pptp_lib.c                  0x00000000   Number         0  pptp_lib.o ABSOLUTE
    src\src\debug_uart.c                     0x00000000   Number         0  debug_uart.o ABSOLUTE
    src\src\main.c                           0x00000000   Number         0  main.o ABSOLUTE
    src\src\module_uart.c                    0x00000000   Number         0  module_uart.o ABSOLUTE
    src\src\system_tick.c                    0x00000000   Number         0  system_tick.o ABSOLUTE
    startup_stm32f10x_hd.s                   0x00000000   Number         0  startup_stm32f10x_hd.o ABSOLUTE
    RESET                                    0x08000000   Section      304  startup_stm32f10x_hd.o(RESET)
    .ARM.Collect$$$$00000000                 0x08000130   Section        0  entry.o(.ARM.Collect$$$$00000000)
    .ARM.Collect$$$$00000001                 0x08000130   Section        4  entry2.o(.ARM.Collect$$$$00000001)
    .ARM.Collect$$$$00000004                 0x08000134   Section        4  entry5.o(.ARM.Collect$$$$00000004)
    .ARM.Collect$$$$00000008                 0x08000138   Section        0  entry7b.o(.ARM.Collect$$$$00000008)
    .ARM.Collect$$$$0000000A                 0x08000138   Section        0  entry8b.o(.ARM.Collect$$$$0000000A)
    .ARM.Collect$$$$0000000B                 0x08000138   Section        8  entry9a.o(.ARM.Collect$$$$0000000B)
    .ARM.Collect$$$$0000000D                 0x08000140   Section        0  entry10a.o(.ARM.Collect$$$$0000000D)
    .ARM.Collect$$$$0000000F                 0x08000140   Section        0  entry11a.o(.ARM.Collect$$$$0000000F)
    .ARM.Collect$$$$00002712                 0x08000140   Section        4  entry2.o(.ARM.Collect$$$$00002712)
    __lit__00000000                          0x08000140   Data           4  entry2.o(.ARM.Collect$$$$00002712)
    .text                                    0x08000144   Section       36  startup_stm32f10x_hd.o(.text)
    .text                                    0x08000168   Section        0  system_stm32f10x.o(.text)
    SetSysClockTo72                          0x08000169   Thumb Code   212  system_stm32f10x.o(.text)
    SetSysClock                              0x0800023d   Thumb Code     8  system_stm32f10x.o(.text)
    .text                                    0x08000344   Section        0  stm32f10x_it.o(.text)
    .text                                    0x0800035c   Section        0  misc.o(.text)
    .text                                    0x08000438   Section        0  stm32f10x_gpio.o(.text)
    .text                                    0x08000790   Section        0  stm32f10x_rcc.o(.text)
    .text                                    0x08000b34   Section        0  stm32f10x_usart.o(.text)
    .text                                    0x08000f3c   Section        0  pptp_lib.o(.text)
    .text                                    0x08001764   Section        0  main.o(.text)
    .text                                    0x080017a4   Section        0  system_tick.o(.text)
    .text                                    0x08001828   Section        0  debug_uart.o(.text)
    .text                                    0x08001920   Section        0  module_uart.o(.text)
    .text                                    0x08001a88   Section        0  rand.o(.text)
    .text                                    0x08001aac   Section        0  memcpya.o(.text)
    .text                                    0x08001ad0   Section        0  memseta.o(.text)
    .text                                    0x08001af4   Section       36  init.o(.text)
    i.__scatterload_copy                     0x08001b18   Section       14  handlers.o(i.__scatterload_copy)
    i.__scatterload_null                     0x08001b26   Section        2  handlers.o(i.__scatterload_null)
    i.__scatterload_zeroinit                 0x08001b28   Section       14  handlers.o(i.__scatterload_zeroinit)
    i.free                                   0x08001b38   Section        0  malloc.o(i.free)
    i.malloc                                 0x08001b88   Section        0  malloc.o(i.malloc)
    .conststring                             0x08001bf4   Section       17  debug_uart.o(.conststring)
    .data                                    0x20000000   Section       20  system_stm32f10x.o(.data)
    .data                                    0x20000014   Section       20  stm32f10x_rcc.o(.data)
    APBAHBPrescTable                         0x20000014   Data          16  stm32f10x_rcc.o(.data)
    ADCPrescTable                            0x20000024   Data           4  stm32f10x_rcc.o(.data)
    .data                                    0x20000028   Section       16  pptp_lib.o(.data)
    pptp_ring_index                          0x20000028   Data           4  pptp_lib.o(.data)
    ReceivePacket                            0x2000002c   Data           4  pptp_lib.o(.data)
    initiates                                0x20000030   Data           1  pptp_lib.o(.data)
    call_id                                  0x20000032   Data           2  pptp_lib.o(.data)
    peer_id                                  0x20000034   Data           2  pptp_lib.o(.data)
    call_serial                              0x20000036   Data           2  pptp_lib.o(.data)
    .data                                    0x20000038   Section        4  system_tick.o(.data)
    systick                                  0x20000038   Data           4  system_tick.o(.data)
    .data                                    0x2000003c   Section       20  debug_uart.o(.data)
    .data                                    0x20000050   Section       24  module_uart.o(.data)
    uart_write_index                         0x20000060   Data           4  module_uart.o(.data)
    uart_read_index                          0x20000064   Data           4  module_uart.o(.data)
    .data                                    0x20000068   Section        4  rand.o(.data)
    _rand_state                              0x20000068   Data           4  rand.o(.data)
    .data                                    0x2000006c   Section        4  mvars.o(.data)
    .data                                    0x20000070   Section        4  mvars.o(.data)
    .bss                                     0x20000074   Section      512  pptp_lib.o(.bss)
    pptp_ring_buffer                         0x20000074   Data         512  pptp_lib.o(.bss)
    .bss                                     0x20000274   Section      512  module_uart.o(.bss)
    uart_ring                                0x20000274   Data         512  module_uart.o(.bss)
    HEAP                                     0x20000478   Section    16384  startup_stm32f10x_hd.o(HEAP)
    STACK                                    0x20004478   Section     8192  startup_stm32f10x_hd.o(STACK)

    Global Symbols

    Symbol Name                              Value     Ov Type        Size  Object(Section)

    BuildAttributes$$THM_ISAv4$P$D$K$B$S$PE$A:L22UL41UL21$X:L11$S22US41US21$IEEE1$IW$USESV6$~STKCKD$USESV7$~SHL$OSPACE$EBA8$MICROLIB$REQ8$PRES8$EABIv2 0x00000000   Number         0  anon$$obj.o ABSOLUTE
    __ARM_use_no_argv                        0x00000000   Number         0  main.o ABSOLUTE
    __cpp_initialize__aeabi_                  - Undefined Weak Reference
    __cxa_finalize                            - Undefined Weak Reference
    __decompress                              - Undefined Weak Reference
    _clock_init                               - Undefined Weak Reference
    _microlib_exit                            - Undefined Weak Reference
    __Vectors_Size                           0x00000130   Number         0  startup_stm32f10x_hd.o ABSOLUTE
    __Vectors                                0x08000000   Data           4  startup_stm32f10x_hd.o(RESET)
    __Vectors_End                            0x08000130   Data           0  startup_stm32f10x_hd.o(RESET)
    __main                                   0x08000131   Thumb Code     0  entry.o(.ARM.Collect$$$$00000000)
    _main_stk                                0x08000131   Thumb Code     0  entry2.o(.ARM.Collect$$$$00000001)
    _main_scatterload                        0x08000135   Thumb Code     0  entry5.o(.ARM.Collect$$$$00000004)
    __main_after_scatterload                 0x08000139   Thumb Code     0  entry5.o(.ARM.Collect$$$$00000004)
    _main_clock                              0x08000139   Thumb Code     0  entry7b.o(.ARM.Collect$$$$00000008)
    _main_cpp_init                           0x08000139   Thumb Code     0  entry8b.o(.ARM.Collect$$$$0000000A)
    _main_init                               0x08000139   Thumb Code     0  entry9a.o(.ARM.Collect$$$$0000000B)
    __rt_final_cpp                           0x08000141   Thumb Code     0  entry10a.o(.ARM.Collect$$$$0000000D)
    __rt_final_exit                          0x08000141   Thumb Code     0  entry11a.o(.ARM.Collect$$$$0000000F)
    Reset_Handler                            0x08000145   Thumb Code     8  startup_stm32f10x_hd.o(.text)
    ADC1_2_IRQHandler                        0x0800015f   Thumb Code     0  startup_stm32f10x_hd.o(.text)
    ADC3_IRQHandler                          0x0800015f   Thumb Code     0  startup_stm32f10x_hd.o(.text)
    CAN1_RX1_IRQHandler                      0x0800015f   Thumb Code     0  startup_stm32f10x_hd.o(.text)
    CAN1_SCE_IRQHandler                      0x0800015f   Thumb Code     0  startup_stm32f10x_hd.o(.text)
    DMA1_Channel1_IRQHandler                 0x0800015f   Thumb Code     0  startup_stm32f10x_hd.o(.text)
    DMA1_Channel2_IRQHandler                 0x0800015f   Thumb Code     0  startup_stm32f10x_hd.o(.text)
    DMA1_Channel3_IRQHandler                 0x0800015f   Thumb Code     0  startup_stm32f10x_hd.o(.text)
    DMA1_Channel4_IRQHandler                 0x0800015f   Thumb Code     0  startup_stm32f10x_hd.o(.text)
    DMA1_Channel5_IRQHandler                 0x0800015f   Thumb Code     0  startup_stm32f10x_hd.o(.text)
    DMA1_Channel6_IRQHandler                 0x0800015f   Thumb Code     0  startup_stm32f10x_hd.o(.text)
    DMA1_Channel7_IRQHandler                 0x0800015f   Thumb Code     0  startup_stm32f10x_hd.o(.text)
    DMA2_Channel1_IRQHandler                 0x0800015f   Thumb Code     0  startup_stm32f10x_hd.o(.text)
    DMA2_Channel2_IRQHandler                 0x0800015f   Thumb Code     0  startup_stm32f10x_hd.o(.text)
    DMA2_Channel3_IRQHandler                 0x0800015f   Thumb Code     0  startup_stm32f10x_hd.o(.text)
    DMA2_Channel4_5_IRQHandler               0x0800015f   Thumb Code     0  startup_stm32f10x_hd.o(.text)
    EXTI0_IRQHandler                         0x0800015f   Thumb Code     0  startup_stm32f10x_hd.o(.text)
    EXTI15_10_IRQHandler                     0x0800015f   Thumb Code     0  startup_stm32f10x_hd.o(.text)
    EXTI1_IRQHandler                         0x0800015f   Thumb Code     0  startup_stm32f10x_hd.o(.text)
    EXTI2_IRQHandler                         0x0800015f   Thumb Code     0  startup_stm32f10x_hd.o(.text)
    EXTI3_IRQHandler                         0x0800015f   Thumb Code     0  startup_stm32f10x_hd.o(.text)
    EXTI4_IRQHandler                         0x0800015f   Thumb Code     0  startup_stm32f10x_hd.o(.text)
    EXTI9_5_IRQHandler                       0x0800015f   Thumb Code     0  startup_stm32f10x_hd.o(.text)
    FLASH_IRQHandler                         0x0800015f   Thumb Code     0  startup_stm32f10x_hd.o(.text)
    FSMC_IRQHandler                          0x0800015f   Thumb Code     0  startup_stm32f10x_hd.o(.text)
    I2C1_ER_IRQHandler                       0x0800015f   Thumb Code     0  startup_stm32f10x_hd.o(.text)
    I2C1_EV_IRQHandler                       0x0800015f   Thumb Code     0  startup_stm32f10x_hd.o(.text)
    I2C2_ER_IRQHandler                       0x0800015f   Thumb Code     0  startup_stm32f10x_hd.o(.text)
    I2C2_EV_IRQHandler                       0x0800015f   Thumb Code     0  startup_stm32f10x_hd.o(.text)
    PVD_IRQHandler                           0x0800015f   Thumb Code     0  startup_stm32f10x_hd.o(.text)
    RCC_IRQHandler                           0x0800015f   Thumb Code     0  startup_stm32f10x_hd.o(.text)
    RTCAlarm_IRQHandler                      0x0800015f   Thumb Code     0  startup_stm32f10x_hd.o(.text)
    RTC_IRQHandler                           0x0800015f   Thumb Code     0  startup_stm32f10x_hd.o(.text)
    SDIO_IRQHandler                          0x0800015f   Thumb Code     0  startup_stm32f10x_hd.o(.text)
    SPI1_IRQHandler                          0x0800015f   Thumb Code     0  startup_stm32f10x_hd.o(.text)
    SPI2_IRQHandler                          0x0800015f   Thumb Code     0  startup_stm32f10x_hd.o(.text)
    SPI3_IRQHandler                          0x0800015f   Thumb Code     0  startup_stm32f10x_hd.o(.text)
    TAMPER_IRQHandler                        0x0800015f   Thumb Code     0  startup_stm32f10x_hd.o(.text)
    TIM1_BRK_IRQHandler                      0x0800015f   Thumb Code     0  startup_stm32f10x_hd.o(.text)
    TIM1_CC_IRQHandler                       0x0800015f   Thumb Code     0  startup_stm32f10x_hd.o(.text)
    TIM1_TRG_COM_IRQHandler                  0x0800015f   Thumb Code     0  startup_stm32f10x_hd.o(.text)
    TIM1_UP_IRQHandler                       0x0800015f   Thumb Code     0  startup_stm32f10x_hd.o(.text)
    TIM2_IRQHandler                          0x0800015f   Thumb Code     0  startup_stm32f10x_hd.o(.text)
    TIM3_IRQHandler                          0x0800015f   Thumb Code     0  startup_stm32f10x_hd.o(.text)
    TIM4_IRQHandler                          0x0800015f   Thumb Code     0  startup_stm32f10x_hd.o(.text)
    TIM5_IRQHandler                          0x0800015f   Thumb Code     0  startup_stm32f10x_hd.o(.text)
    TIM6_IRQHandler                          0x0800015f   Thumb Code     0  startup_stm32f10x_hd.o(.text)
    TIM7_IRQHandler                          0x0800015f   Thumb Code     0  startup_stm32f10x_hd.o(.text)
    TIM8_BRK_IRQHandler                      0x0800015f   Thumb Code     0  startup_stm32f10x_hd.o(.text)
    TIM8_CC_IRQHandler                       0x0800015f   Thumb Code     0  startup_stm32f10x_hd.o(.text)
    TIM8_TRG_COM_IRQHandler                  0x0800015f   Thumb Code     0  startup_stm32f10x_hd.o(.text)
    TIM8_UP_IRQHandler                       0x0800015f   Thumb Code     0  startup_stm32f10x_hd.o(.text)
    UART4_IRQHandler                         0x0800015f   Thumb Code     0  startup_stm32f10x_hd.o(.text)
    USART1_IRQHandler                        0x0800015f   Thumb Code     0  startup_stm32f10x_hd.o(.text)
    USART2_IRQHandler                        0x0800015f   Thumb Code     0  startup_stm32f10x_hd.o(.text)
    USART3_IRQHandler                        0x0800015f   Thumb Code     0  startup_stm32f10x_hd.o(.text)
    USBWakeUp_IRQHandler                     0x0800015f   Thumb Code     0  startup_stm32f10x_hd.o(.text)
    USB_HP_CAN1_TX_IRQHandler                0x0800015f   Thumb Code     0  startup_stm32f10x_hd.o(.text)
    USB_LP_CAN1_RX0_IRQHandler               0x0800015f   Thumb Code     0  startup_stm32f10x_hd.o(.text)
    WWDG_IRQHandler                          0x0800015f   Thumb Code     0  startup_stm32f10x_hd.o(.text)
    SystemInit                               0x08000245   Thumb Code    78  system_stm32f10x.o(.text)
    SystemCoreClockUpdate                    0x08000293   Thumb Code   142  system_stm32f10x.o(.text)
    NMI_Handler                              0x08000345   Thumb Code     2  stm32f10x_it.o(.text)
    HardFault_Handler                        0x08000347   Thumb Code     4  stm32f10x_it.o(.text)
    MemManage_Handler                        0x0800034b   Thumb Code     4  stm32f10x_it.o(.text)
    BusFault_Handler                         0x0800034f   Thumb Code     4  stm32f10x_it.o(.text)
    UsageFault_Handler                       0x08000353   Thumb Code     4  stm32f10x_it.o(.text)
    SVC_Handler                              0x08000357   Thumb Code     2  stm32f10x_it.o(.text)
    DebugMon_Handler                         0x08000359   Thumb Code     2  stm32f10x_it.o(.text)
    PendSV_Handler                           0x0800035b   Thumb Code     2  stm32f10x_it.o(.text)
    NVIC_PriorityGroupConfig                 0x0800035d   Thumb Code    10  misc.o(.text)
    NVIC_Init                                0x08000367   Thumb Code   102  misc.o(.text)
    NVIC_SetVectorTable                      0x080003cd   Thumb Code    14  misc.o(.text)
    NVIC_SystemLPConfig                      0x080003db   Thumb Code    34  misc.o(.text)
    SysTick_CLKSourceConfig                  0x080003fd   Thumb Code    40  misc.o(.text)
    GPIO_DeInit                              0x08000439   Thumb Code   172  stm32f10x_gpio.o(.text)
    GPIO_AFIODeInit                          0x080004e5   Thumb Code    20  stm32f10x_gpio.o(.text)
    GPIO_Init                                0x080004f9   Thumb Code   274  stm32f10x_gpio.o(.text)
    GPIO_StructInit                          0x0800060b   Thumb Code    16  stm32f10x_gpio.o(.text)
    GPIO_ReadInputDataBit                    0x0800061b   Thumb Code    18  stm32f10x_gpio.o(.text)
    GPIO_ReadInputData                       0x0800062d   Thumb Code     8  stm32f10x_gpio.o(.text)
    GPIO_ReadOutputDataBit                   0x08000635   Thumb Code    18  stm32f10x_gpio.o(.text)
    GPIO_ReadOutputData                      0x08000647   Thumb Code     8  stm32f10x_gpio.o(.text)
    GPIO_SetBits                             0x0800064f   Thumb Code     4  stm32f10x_gpio.o(.text)
    GPIO_ResetBits                           0x08000653   Thumb Code     4  stm32f10x_gpio.o(.text)
    GPIO_WriteBit                            0x08000657   Thumb Code    10  stm32f10x_gpio.o(.text)
    GPIO_Write                               0x08000661   Thumb Code     4  stm32f10x_gpio.o(.text)
    GPIO_PinLockConfig                       0x08000665   Thumb Code    18  stm32f10x_gpio.o(.text)
    GPIO_EventOutputConfig                   0x08000677   Thumb Code    26  stm32f10x_gpio.o(.text)
    GPIO_EventOutputCmd                      0x08000691   Thumb Code     6  stm32f10x_gpio.o(.text)
    GPIO_PinRemapConfig                      0x08000697   Thumb Code   138  stm32f10x_gpio.o(.text)
    GPIO_EXTILineConfig                      0x08000721   Thumb Code    66  stm32f10x_gpio.o(.text)
    GPIO_ETH_MediaInterfaceConfig            0x08000763   Thumb Code     6  stm32f10x_gpio.o(.text)
    RCC_DeInit                               0x08000791   Thumb Code    64  stm32f10x_rcc.o(.text)
    RCC_HSEConfig                            0x080007d1   Thumb Code    70  stm32f10x_rcc.o(.text)
    RCC_GetFlagStatus                        0x08000817   Thumb Code    56  stm32f10x_rcc.o(.text)
    RCC_WaitForHSEStartUp                    0x0800084f   Thumb Code    56  stm32f10x_rcc.o(.text)
    RCC_AdjustHSICalibrationValue            0x08000887   Thumb Code    20  stm32f10x_rcc.o(.text)
    RCC_HSICmd                               0x0800089b   Thumb Code     6  stm32f10x_rcc.o(.text)
    RCC_PLLConfig                            0x080008a1   Thumb Code    24  stm32f10x_rcc.o(.text)
    RCC_PLLCmd                               0x080008b9   Thumb Code     6  stm32f10x_rcc.o(.text)
    RCC_SYSCLKConfig                         0x080008bf   Thumb Code    18  stm32f10x_rcc.o(.text)
    RCC_GetSYSCLKSource                      0x080008d1   Thumb Code    10  stm32f10x_rcc.o(.text)
    RCC_HCLKConfig                           0x080008db   Thumb Code    18  stm32f10x_rcc.o(.text)
    RCC_PCLK1Config                          0x080008ed   Thumb Code    18  stm32f10x_rcc.o(.text)
    RCC_PCLK2Config                          0x080008ff   Thumb Code    20  stm32f10x_rcc.o(.text)
    RCC_ITConfig                             0x08000913   Thumb Code    26  stm32f10x_rcc.o(.text)
    RCC_USBCLKConfig                         0x0800092d   Thumb Code     6  stm32f10x_rcc.o(.text)
    RCC_ADCCLKConfig                         0x08000933   Thumb Code    18  stm32f10x_rcc.o(.text)
    RCC_LSEConfig                            0x08000945   Thumb Code    44  stm32f10x_rcc.o(.text)
    RCC_LSICmd                               0x08000971   Thumb Code     6  stm32f10x_rcc.o(.text)
    RCC_RTCCLKConfig                         0x08000977   Thumb Code    12  stm32f10x_rcc.o(.text)
    RCC_RTCCLKCmd                            0x08000983   Thumb Code     8  stm32f10x_rcc.o(.text)
    RCC_GetClocksFreq                        0x0800098b   Thumb Code   192  stm32f10x_rcc.o(.text)
    RCC_AHBPeriphClockCmd                    0x08000a4b   Thumb Code    26  stm32f10x_rcc.o(.text)
    RCC_APB2PeriphClockCmd                   0x08000a65   Thumb Code    26  stm32f10x_rcc.o(.text)
    RCC_APB1PeriphClockCmd                   0x08000a7f   Thumb Code    26  stm32f10x_rcc.o(.text)
    RCC_APB2PeriphResetCmd                   0x08000a99   Thumb Code    26  stm32f10x_rcc.o(.text)
    RCC_APB1PeriphResetCmd                   0x08000ab3   Thumb Code    26  stm32f10x_rcc.o(.text)
    RCC_BackupResetCmd                       0x08000acd   Thumb Code     8  stm32f10x_rcc.o(.text)
    RCC_ClockSecuritySystemCmd               0x08000ad5   Thumb Code     6  stm32f10x_rcc.o(.text)
    RCC_MCOConfig                            0x08000adb   Thumb Code     6  stm32f10x_rcc.o(.text)
    RCC_ClearFlag                            0x08000ae1   Thumb Code    14  stm32f10x_rcc.o(.text)
    RCC_GetITStatus                          0x08000aef   Thumb Code    20  stm32f10x_rcc.o(.text)
    RCC_ClearITPendingBit                    0x08000b03   Thumb Code     6  stm32f10x_rcc.o(.text)
    USART_DeInit                             0x08000b35   Thumb Code   134  stm32f10x_usart.o(.text)
    USART_Init                               0x08000bbb   Thumb Code   210  stm32f10x_usart.o(.text)
    USART_StructInit                         0x08000c8d   Thumb Code    24  stm32f10x_usart.o(.text)
    USART_ClockInit                          0x08000ca5   Thumb Code    34  stm32f10x_usart.o(.text)
    USART_ClockStructInit                    0x08000cc7   Thumb Code    12  stm32f10x_usart.o(.text)
    USART_Cmd                                0x08000cd3   Thumb Code    24  stm32f10x_usart.o(.text)
    USART_ITConfig                           0x08000ceb   Thumb Code    74  stm32f10x_usart.o(.text)
    USART_DMACmd                             0x08000d35   Thumb Code    18  stm32f10x_usart.o(.text)
    USART_SetAddress                         0x08000d47   Thumb Code    18  stm32f10x_usart.o(.text)
    USART_WakeUpConfig                       0x08000d59   Thumb Code    18  stm32f10x_usart.o(.text)
    USART_ReceiverWakeUpCmd                  0x08000d6b   Thumb Code    24  stm32f10x_usart.o(.text)
    USART_LINBreakDetectLengthConfig         0x08000d83   Thumb Code    18  stm32f10x_usart.o(.text)
    USART_LINCmd                             0x08000d95   Thumb Code    24  stm32f10x_usart.o(.text)
    USART_SendData                           0x08000dad   Thumb Code     8  stm32f10x_usart.o(.text)
    USART_ReceiveData                        0x08000db5   Thumb Code    10  stm32f10x_usart.o(.text)
    USART_SendBreak                          0x08000dbf   Thumb Code    10  stm32f10x_usart.o(.text)
    USART_SetGuardTime                       0x08000dc9   Thumb Code    16  stm32f10x_usart.o(.text)
    USART_SetPrescaler                       0x08000dd9   Thumb Code    16  stm32f10x_usart.o(.text)
    USART_SmartCardCmd                       0x08000de9   Thumb Code    24  stm32f10x_usart.o(.text)
    USART_SmartCardNACKCmd                   0x08000e01   Thumb Code    24  stm32f10x_usart.o(.text)
    USART_HalfDuplexCmd                      0x08000e19   Thumb Code    24  stm32f10x_usart.o(.text)
    USART_OverSampling8Cmd                   0x08000e31   Thumb Code    22  stm32f10x_usart.o(.text)
    USART_OneBitMethodCmd                    0x08000e47   Thumb Code    24  stm32f10x_usart.o(.text)
    USART_IrDAConfig                         0x08000e5f   Thumb Code    18  stm32f10x_usart.o(.text)
    USART_IrDACmd                            0x08000e71   Thumb Code    24  stm32f10x_usart.o(.text)
    USART_GetFlagStatus                      0x08000e89   Thumb Code    26  stm32f10x_usart.o(.text)
    USART_ClearFlag                          0x08000ea3   Thumb Code    18  stm32f10x_usart.o(.text)
    USART_GetITStatus                        0x08000eb5   Thumb Code    84  stm32f10x_usart.o(.text)
    USART_ClearITPendingBit                  0x08000f09   Thumb Code    52  stm32f10x_usart.o(.text)
    error_code_proc                          0x08000f3d   Thumb Code   102  pptp_lib.o(.text)
    request_start_connection                 0x08000fa3   Thumb Code    76  pptp_lib.o(.text)
    request_outgoing_call                    0x08000fef   Thumb Code   122  pptp_lib.o(.text)
    reply_outgoing_call                      0x08001069   Thumb Code    18  pptp_lib.o(.text)
    reply_echo                               0x0800107b   Thumb Code    74  pptp_lib.o(.text)
    request_stop_connection                  0x080010c5   Thumb Code    56  pptp_lib.o(.text)
    reply_stop_connection                    0x080010fd   Thumb Code   130  pptp_lib.o(.text)
    call_disconnect_noti_pkt                 0x0800117f   Thumb Code   104  pptp_lib.o(.text)
    noti_call_disconn                        0x080011e7   Thumb Code    88  pptp_lib.o(.text)
    search_last                              0x0800123f   Thumb Code    16  pptp_lib.o(.text)
    pptp_get_pkt                             0x0800124f   Thumb Code   180  pptp_lib.o(.text)
    pptp_process                             0x08001303   Thumb Code   742  pptp_lib.o(.text)
    main                                     0x08001765   Thumb Code    52  main.o(.text)
    systick_init                             0x080017a5   Thumb Code    74  system_tick.o(.text)
    get_systick                              0x080017ef   Thumb Code     6  system_tick.o(.text)
    get_passed_tick                          0x080017f5   Thumb Code    24  system_tick.o(.text)
    SysTick_Handler                          0x0800180d   Thumb Code    12  system_tick.o(.text)
    debug_initialize                         0x08001829   Thumb Code   122  debug_uart.o(.text)
    debug_putchar                            0x080018a3   Thumb Code    20  debug_uart.o(.text)
    debug_puts                               0x080018b7   Thumb Code    32  debug_uart.o(.text)
    debug_puthex                             0x080018d7   Thumb Code    62  debug_uart.o(.text)
    module_uart_initialize                   0x08001921   Thumb Code   184  module_uart.o(.text)
    module_uart_putchar                      0x080019d9   Thumb Code    18  module_uart.o(.text)
    module_uart_puts                         0x080019eb   Thumb Code    32  module_uart.o(.text)
    module_uart_getchar                      0x08001a0b   Thumb Code    56  module_uart.o(.text)
    UART5_IRQHandler                         0x08001a43   Thumb Code    40  module_uart.o(.text)
    rand                                     0x08001a89   Thumb Code    20  rand.o(.text)
    srand                                    0x08001a9d   Thumb Code     6  rand.o(.text)
    __aeabi_memcpy                           0x08001aad   Thumb Code    36  memcpya.o(.text)
    __aeabi_memcpy4                          0x08001aad   Thumb Code     0  memcpya.o(.text)
    __aeabi_memcpy8                          0x08001aad   Thumb Code     0  memcpya.o(.text)
    __aeabi_memset                           0x08001ad1   Thumb Code    14  memseta.o(.text)
    __aeabi_memset4                          0x08001ad1   Thumb Code     0  memseta.o(.text)
    __aeabi_memset8                          0x08001ad1   Thumb Code     0  memseta.o(.text)
    __aeabi_memclr                           0x08001adf   Thumb Code     4  memseta.o(.text)
    __aeabi_memclr4                          0x08001adf   Thumb Code     0  memseta.o(.text)
    __aeabi_memclr8                          0x08001adf   Thumb Code     0  memseta.o(.text)
    _memset$wrapper                          0x08001ae3   Thumb Code    18  memseta.o(.text)
    __scatterload                            0x08001af5   Thumb Code    28  init.o(.text)
    __scatterload_rt2                        0x08001af5   Thumb Code     0  init.o(.text)
    __scatterload_copy                       0x08001b19   Thumb Code    14  handlers.o(i.__scatterload_copy)
    __scatterload_null                       0x08001b27   Thumb Code     2  handlers.o(i.__scatterload_null)
    __scatterload_zeroinit                   0x08001b29   Thumb Code    14  handlers.o(i.__scatterload_zeroinit)
    free                                     0x08001b39   Thumb Code    76  malloc.o(i.free)
    malloc                                   0x08001b89   Thumb Code    92  malloc.o(i.malloc)
    Region$$Table$$Base                      0x08001c08   Number         0  anon$$obj.o(Region$$Table)
    Region$$Table$$Limit                     0x08001c28   Number         0  anon$$obj.o(Region$$Table)
    SystemCoreClock                          0x20000000   Data           4  system_stm32f10x.o(.data)
    AHBPrescTable                            0x20000004   Data          16  system_stm32f10x.o(.data)
    ascii_table                              0x2000003c   Data           4  debug_uart.o(.data)
    Output                                   0x20000040   Data          16  debug_uart.o(.data)
    Dev                                      0x20000050   Data          16  module_uart.o(.data)
    __microlib_freelist                      0x2000006c   Data           4  mvars.o(.data)
    __microlib_freelist_initialised          0x20000070   Data           4  mvars.o(.data)
    __heap_base                              0x20000478   Data           0  startup_stm32f10x_hd.o(HEAP)
    __heap_limit                             0x20004478   Data           0  startup_stm32f10x_hd.o(HEAP)
    __initial_sp                             0x20006478   Data           0  startup_stm32f10x_hd.o(STACK)



==============================================================================

Memory Map of the image

  Image Entry point : 0x08000131

  Load Region LR_IROM1 (Base: 0x08000000, Size: 0x00001c9c, Max: 0x00040000, ABSOLUTE)

    Execution Region ER_IROM1 (Base: 0x08000000, Size: 0x00001c28, Max: 0x00040000, ABSOLUTE)

    Base Addr    Size         Type   Attr      Idx    E Section Name        Object

    0x08000000   0x00000130   Data   RO            3    RESET               startup_stm32f10x_hd.o
    0x08000130   0x00000000   Code   RO          288  * .ARM.Collect$$$$00000000  mc_w.l(entry.o)
    0x08000130   0x00000004   Code   RO          328    .ARM.Collect$$$$00000001  mc_w.l(entry2.o)
    0x08000134   0x00000004   Code   RO          331    .ARM.Collect$$$$00000004  mc_w.l(entry5.o)
    0x08000138   0x00000000   Code   RO          333    .ARM.Collect$$$$00000008  mc_w.l(entry7b.o)
    0x08000138   0x00000000   Code   RO          335    .ARM.Collect$$$$0000000A  mc_w.l(entry8b.o)
    0x08000138   0x00000008   Code   RO          336    .ARM.Collect$$$$0000000B  mc_w.l(entry9a.o)
    0x08000140   0x00000000   Code   RO          338    .ARM.Collect$$$$0000000D  mc_w.l(entry10a.o)
    0x08000140   0x00000000   Code   RO          340    .ARM.Collect$$$$0000000F  mc_w.l(entry11a.o)
    0x08000140   0x00000004   Code   RO          329    .ARM.Collect$$$$00002712  mc_w.l(entry2.o)
    0x08000144   0x00000024   Code   RO            4    .text               startup_stm32f10x_hd.o
    0x08000168   0x000001dc   Code   RO           10    .text               system_stm32f10x.o
    0x08000344   0x00000018   Code   RO           57    .text               stm32f10x_it.o
    0x0800035c   0x000000dc   Code   RO           89    .text               misc.o
    0x08000438   0x00000358   Code   RO          134    .text               stm32f10x_gpio.o
    0x08000790   0x000003a4   Code   RO          149    .text               stm32f10x_rcc.o
    0x08000b34   0x00000408   Code   RO          166    .text               stm32f10x_usart.o
    0x08000f3c   0x00000828   Code   RO          181    .text               pptp_lib.o
    0x08001764   0x00000040   Code   RO          220    .text               main.o
    0x080017a4   0x00000084   Code   RO          232    .text               system_tick.o
    0x08001828   0x000000f8   Code   RO          250    .text               debug_uart.o
    0x08001920   0x00000168   Code   RO          269    .text               module_uart.o
    0x08001a88   0x00000024   Code   RO          291    .text               mc_w.l(rand.o)
    0x08001aac   0x00000024   Code   RO          294    .text               mc_w.l(memcpya.o)
    0x08001ad0   0x00000024   Code   RO          296    .text               mc_w.l(memseta.o)
    0x08001af4   0x00000024   Code   RO          344    .text               mc_w.l(init.o)
    0x08001b18   0x0000000e   Code   RO          348    i.__scatterload_copy  mc_w.l(handlers.o)
    0x08001b26   0x00000002   Code   RO          349    i.__scatterload_null  mc_w.l(handlers.o)
    0x08001b28   0x0000000e   Code   RO          350    i.__scatterload_zeroinit  mc_w.l(handlers.o)
    0x08001b36   0x00000002   PAD
    0x08001b38   0x00000050   Code   RO          300    i.free              mc_w.l(malloc.o)
    0x08001b88   0x0000006c   Code   RO          301    i.malloc            mc_w.l(malloc.o)
    0x08001bf4   0x00000011   Data   RO          251    .conststring        debug_uart.o
    0x08001c05   0x00000003   PAD
    0x08001c08   0x00000020   Data   RO          346    Region$$Table       anon$$obj.o


    Execution Region RW_IRAM1 (Base: 0x20000000, Size: 0x00006478, Max: 0x0000c000, ABSOLUTE)

    Base Addr    Size         Type   Attr      Idx    E Section Name        Object

    0x20000000   0x00000014   Data   RW           11    .data               system_stm32f10x.o
    0x20000014   0x00000014   Data   RW          150    .data               stm32f10x_rcc.o
    0x20000028   0x00000010   Data   RW          183    .data               pptp_lib.o
    0x20000038   0x00000004   Data   RW          233    .data               system_tick.o
    0x2000003c   0x00000014   Data   RW          252    .data               debug_uart.o
    0x20000050   0x00000018   Data   RW          271    .data               module_uart.o
    0x20000068   0x00000004   Data   RW          292    .data               mc_w.l(rand.o)
    0x2000006c   0x00000004   Data   RW          342    .data               mc_w.l(mvars.o)
    0x20000070   0x00000004   Data   RW          343    .data               mc_w.l(mvars.o)
    0x20000074   0x00000200   Zero   RW          182    .bss                pptp_lib.o
    0x20000274   0x00000200   Zero   RW          270    .bss                module_uart.o
    0x20000474   0x00000004   PAD
    0x20000478   0x00004000   Zero   RW            2    HEAP                startup_stm32f10x_hd.o
    0x20004478   0x00002000   Zero   RW            1    STACK               startup_stm32f10x_hd.o


==============================================================================

Image component sizes


      Code (inc. data)   RO Data    RW Data    ZI Data      Debug   Object Name

       248         12         17         20          0       2118   debug_uart.o
        64         12          0          0          0        431   main.o
       220         20          0          0          0      12341   misc.o
       360         30          0         24        512       2345   module_uart.o
      2088        774          0         16        512       8411   pptp_lib.o
        36          8        304          0      24576        756   startup_stm32f10x_hd.o
       856         40          0          0          0      14105   stm32f10x_gpio.o
        24          0          0          0          0     206030   stm32f10x_it.o
       932         44          0         20          0      17624   stm32f10x_rcc.o
      1032         22          0          0          0      14508   stm32f10x_usart.o
       476         36          0         20          0      20563   system_stm32f10x.o
       132         16          0          4          0      16522   system_tick.o

    ----------------------------------------------------------------------
      6468       1014        356        104      25604     315754   Object Totals
         0          0         32          0          0          0   (incl. Generated)
         0          0          3          0          4          0   (incl. Padding)

    ----------------------------------------------------------------------

      Code (inc. data)   RO Data    RW Data    ZI Data      Debug   Library Member Name

         0          0          0          0          0          0   entry.o
         0          0          0          0          0          0   entry10a.o
         0          0          0          0          0          0   entry11a.o
         8          4          0          0          0          0   entry2.o
         4          0          0          0          0          0   entry5.o
         0          0          0          0          0          0   entry7b.o
         0          0          0          0          0          0   entry8b.o
         8          4          0          0          0          0   entry9a.o
        30          0          0          0          0          0   handlers.o
        36          8          0          0          0         68   init.o
       188         20          0          0          0        160   malloc.o
        36          0          0          0          0         68   memcpya.o
        36          0          0          0          0        108   memseta.o
         0          0          0          8          0          0   mvars.o
        36         10          0          4          0        136   rand.o

    ----------------------------------------------------------------------
       384         46          0         12          0        540   Library Totals
         2          0          0          0          0          0   (incl. Padding)

    ----------------------------------------------------------------------

      Code (inc. data)   RO Data    RW Data    ZI Data      Debug   Library Name

       382         46          0         12          0        540   mc_w.l

    ----------------------------------------------------------------------
       384         46          0         12          0        540   Library Totals

    ----------------------------------------------------------------------

==============================================================================


      Code (inc. data)   RO Data    RW Data    ZI Data      Debug   

      6852       1060        356        116      25604     314994   Grand Totals
      6852       1060        356        116      25604     314994   ELF Image Totals
      6852       1060        356        116          0          0   ROM Totals

==============================================================================

    Total RO  Size (Code + RO Data)                 7208 (   7.04kB)
    Total RW  Size (RW Data + ZI Data)             25720 (  25.12kB)
    Total ROM Size (Code + RO Data + RW Data)       7324 (   7.15kB)

==============================================================================

